---
source: burrow/src/daemon/rpc/response.rs
expression: "serde_json::to_string(&DaemonResponse::new(Ok::<DaemonResponseData,\n                        String>(DaemonResponseData::ServerConfig(ServerConfig::default()))))?"
---
{"result":{"Ok":{"type":"ServerConfig","address":["10.13.13.2"],"name":null,"mtu":null}},"id":0}
