---
source: burrow/src/daemon/rpc/request.rs
expression: "serde_json::to_string(&DaemonCommand::ServerInfo).unwrap()"
---
{"method":"ServerInfo"}
