---
source: burrow/src/daemon/rpc/request.rs
expression: "serde_json::to_string(&DaemonCommand::Stop).unwrap()"
---
{"method":"Stop"}
